src/App.tsx(1,8): error TS6133: 'React' is declared but its value is never read.
src/App.tsx(20,40): error TS2304: Cannot find name 'Login'.
src/App.tsx(23,37): error TS2304: Cannot find name 'Dashboard'.
src/App.tsx(24,45): error TS2304: Cannot find name 'Patients'.
src/App.tsx(25,46): error TS2304: Cannot find name 'Analytics'.
src/components/layout/Topbar.tsx(1,17): error TS6133: 'useEffect' is declared but its value is never read.
src/hooks/useServiceWorker.ts(51,11): error TS2353: Object literal may only specify known properties, and 'vibrate' does not exist in type 'NotificationOptions'.
src/store/useAuthStore.ts(2,10): error TS1484: 'User' is a type and must be imported using a type-only import when 'verbatimModuleSyntax' is enabled.
